------------------------------------------------------------
Timing Analyzer Summary
------------------------------------------------------------

Type  : Slow 1200mV 85C Model Setup 'u_spipll|altpll_component|auto_generated|pll1|clk[0]'
Slack : 12.277
TNS   : 0.000

Type  : Slow 1200mV 85C Model Setup 'CLOCK_50'
Slack : 16.094
TNS   : 0.000

Type  : Slow 1200mV 85C Model Hold 'CLOCK_50'
Slack : 0.358
TNS   : 0.000

Type  : Slow 1200mV 85C Model Hold 'u_spipll|altpll_component|auto_generated|pll1|clk[0]'
Slack : 0.358
TNS   : 0.000

Type  : Slow 1200mV 85C Model Recovery 'u_spipll|altpll_component|auto_generated|pll1|clk[0]'
Slack : 14.250
TNS   : 0.000

Type  : Slow 1200mV 85C Model Recovery 'CLOCK_50'
Slack : 17.406
TNS   : 0.000

Type  : Slow 1200mV 85C Model Removal 'CLOCK_50'
Slack : 1.753
TNS   : 0.000

Type  : Slow 1200mV 85C Model Removal 'u_spipll|altpll_component|auto_generated|pll1|clk[0]'
Slack : 3.985
TNS   : 0.000

Type  : Slow 1200mV 85C Model Minimum Pulse Width 'CLOCK_50'
Slack : 9.596
TNS   : 0.000

Type  : Slow 1200mV 85C Model Minimum Pulse Width 'u_spipll|altpll_component|auto_generated|pll1|clk[0]'
Slack : 249.747
TNS   : 0.000

Type  : Slow 1200mV 0C Model Setup 'u_spipll|altpll_component|auto_generated|pll1|clk[0]'
Slack : 13.125
TNS   : 0.000

Type  : Slow 1200mV 0C Model Setup 'CLOCK_50'
Slack : 16.569
TNS   : 0.000

Type  : Slow 1200mV 0C Model Hold 'CLOCK_50'
Slack : 0.311
TNS   : 0.000

Type  : Slow 1200mV 0C Model Hold 'u_spipll|altpll_component|auto_generated|pll1|clk[0]'
Slack : 0.311
TNS   : 0.000

Type  : Slow 1200mV 0C Model Recovery 'u_spipll|altpll_component|auto_generated|pll1|clk[0]'
Slack : 14.924
TNS   : 0.000

Type  : Slow 1200mV 0C Model Recovery 'CLOCK_50'
Slack : 17.685
TNS   : 0.000

Type  : Slow 1200mV 0C Model Removal 'CLOCK_50'
Slack : 1.609
TNS   : 0.000

Type  : Slow 1200mV 0C Model Removal 'u_spipll|altpll_component|auto_generated|pll1|clk[0]'
Slack : 3.565
TNS   : 0.000

Type  : Slow 1200mV 0C Model Minimum Pulse Width 'CLOCK_50'
Slack : 9.596
TNS   : 0.000

Type  : Slow 1200mV 0C Model Minimum Pulse Width 'u_spipll|altpll_component|auto_generated|pll1|clk[0]'
Slack : 249.743
TNS   : 0.000

Type  : Fast 1200mV 0C Model Setup 'u_spipll|altpll_component|auto_generated|pll1|clk[0]'
Slack : 15.364
TNS   : 0.000

Type  : Fast 1200mV 0C Model Setup 'CLOCK_50'
Slack : 17.752
TNS   : 0.000

Type  : Fast 1200mV 0C Model Hold 'CLOCK_50'
Slack : 0.186
TNS   : 0.000

Type  : Fast 1200mV 0C Model Hold 'u_spipll|altpll_component|auto_generated|pll1|clk[0]'
Slack : 0.186
TNS   : 0.000

Type  : Fast 1200mV 0C Model Recovery 'u_spipll|altpll_component|auto_generated|pll1|clk[0]'
Slack : 16.517
TNS   : 0.000

Type  : Fast 1200mV 0C Model Recovery 'CLOCK_50'
Slack : 18.455
TNS   : 0.000

Type  : Fast 1200mV 0C Model Removal 'CLOCK_50'
Slack : 0.950
TNS   : 0.000

Type  : Fast 1200mV 0C Model Removal 'u_spipll|altpll_component|auto_generated|pll1|clk[0]'
Slack : 2.240
TNS   : 0.000

Type  : Fast 1200mV 0C Model Minimum Pulse Width 'CLOCK_50'
Slack : 9.273
TNS   : 0.000

Type  : Fast 1200mV 0C Model Minimum Pulse Width 'u_spipll|altpll_component|auto_generated|pll1|clk[0]'
Slack : 249.782
TNS   : 0.000

------------------------------------------------------------
